// Jest Snapshot v1, https://goo.gl/fbAQLP

exports[`buildBalances builds balances 1`] = `
Array [
  Object {
    "accounts": Array [],
    "amount": 4.2e-17,
    "exchangeRate": 1,
    "fiatValue": 4.2e-17,
    "id": "RopstenETH-RopstenETH",
    "name": "RopstenETH",
    "ticker": "RopstenETH",
    "uuid": "01f2d4ec-c263-6ba8-de38-01d66c86f309",
  },
  Object {
    "accounts": Array [],
    "amount": 2e-18,
    "exchangeRate": 1,
    "fiatValue": 2e-18,
    "id": "WrappedETH-WETH",
    "name": "WrappedETH",
    "ticker": "WETH",
    "uuid": "10e14757-78bb-4bb2-a17a-8333830f6698",
  },
  Object {
    "accounts": Array [],
    "amount": 2e-18,
    "exchangeRate": 1,
    "fiatValue": 2e-18,
    "id": "Ether-ETH",
    "name": "Ether",
    "ticker": "ETH",
    "uuid": "f7e30bbe-08e2-41ce-9231-5236e6aab702",
  },
  Object {
    "accounts": Array [],
    "amount": 2e-18,
    "exchangeRate": 1,
    "fiatValue": 2e-18,
    "id": "GoerliETH-GoerliETH",
    "name": "GoerliETH",
    "ticker": "GoerliETH",
    "uuid": "12d3cbf2-de3a-4050-a0c6-521592e4b85a",
  },
]
`;

exports[`buildTotalFiatValue builds total fiat values  1`] = `0`;
