// Jest Snapshot v1, https://goo.gl/fbAQLP

exports[`render snapshot 1`] = `
<ENS
  resolveDomainRequested={[Function]}
/>
`;
